------------------------------------------------------------
Timing Analyzer Summary
------------------------------------------------------------

Type  : Slow 1100mV 85C Model Setup 'CLOCK_50'
Slack : -10.080
TNS   : -4302.444

Type  : Slow 1100mV 85C Model Hold 'CLOCK_50'
Slack : 0.506
TNS   : 0.000

Type  : Slow 1100mV 85C Model Recovery 'KEY[0]'
Slack : -3.647
TNS   : -3.647

Type  : Slow 1100mV 85C Model Recovery 'KEY[1]'
Slack : -3.410
TNS   : -3.410

Type  : Slow 1100mV 85C Model Removal 'KEY[1]'
Slack : 0.705
TNS   : 0.000

Type  : Slow 1100mV 85C Model Removal 'KEY[0]'
Slack : 1.074
TNS   : 0.000

Type  : Slow 1100mV 85C Model Minimum Pulse Width 'KEY[1]'
Slack : -0.798
TNS   : -1.373

Type  : Slow 1100mV 85C Model Minimum Pulse Width 'KEY[0]'
Slack : -0.624
TNS   : -1.162

Type  : Slow 1100mV 85C Model Minimum Pulse Width 'CLOCK_50'
Slack : -0.538
TNS   : -540.184

Type  : Slow 1100mV 0C Model Setup 'CLOCK_50'
Slack : -10.027
TNS   : -4141.996

Type  : Slow 1100mV 0C Model Hold 'CLOCK_50'
Slack : 0.479
TNS   : 0.000

Type  : Slow 1100mV 0C Model Recovery 'KEY[0]'
Slack : -3.939
TNS   : -3.939

Type  : Slow 1100mV 0C Model Recovery 'KEY[1]'
Slack : -3.705
TNS   : -3.705

Type  : Slow 1100mV 0C Model Removal 'KEY[1]'
Slack : 0.882
TNS   : 0.000

Type  : Slow 1100mV 0C Model Removal 'KEY[0]'
Slack : 1.272
TNS   : 0.000

Type  : Slow 1100mV 0C Model Minimum Pulse Width 'KEY[1]'
Slack : -0.871
TNS   : -1.577

Type  : Slow 1100mV 0C Model Minimum Pulse Width 'KEY[0]'
Slack : -0.667
TNS   : -1.205

Type  : Slow 1100mV 0C Model Minimum Pulse Width 'CLOCK_50'
Slack : -0.538
TNS   : -477.573

Type  : Fast 1100mV 85C Model Setup 'CLOCK_50'
Slack : -4.666
TNS   : -2013.551

Type  : Fast 1100mV 85C Model Hold 'CLOCK_50'
Slack : 0.199
TNS   : 0.000

Type  : Fast 1100mV 85C Model Recovery 'KEY[0]'
Slack : -1.756
TNS   : -1.756

Type  : Fast 1100mV 85C Model Recovery 'KEY[1]'
Slack : -1.641
TNS   : -1.641

Type  : Fast 1100mV 85C Model Removal 'KEY[1]'
Slack : 0.457
TNS   : 0.000

Type  : Fast 1100mV 85C Model Removal 'KEY[0]'
Slack : 0.607
TNS   : 0.000

Type  : Fast 1100mV 85C Model Minimum Pulse Width 'KEY[1]'
Slack : -0.865
TNS   : -2.151

Type  : Fast 1100mV 85C Model Minimum Pulse Width 'KEY[0]'
Slack : -0.754
TNS   : -1.791

Type  : Fast 1100mV 85C Model Minimum Pulse Width 'CLOCK_50'
Slack : -0.410
TNS   : -277.776

Type  : Fast 1100mV 0C Model Setup 'CLOCK_50'
Slack : -4.099
TNS   : -1735.754

Type  : Fast 1100mV 0C Model Hold 'CLOCK_50'
Slack : 0.127
TNS   : 0.000

Type  : Fast 1100mV 0C Model Recovery 'KEY[0]'
Slack : -1.594
TNS   : -1.594

Type  : Fast 1100mV 0C Model Recovery 'KEY[1]'
Slack : -1.484
TNS   : -1.484

Type  : Fast 1100mV 0C Model Removal 'KEY[1]'
Slack : 0.453
TNS   : 0.000

Type  : Fast 1100mV 0C Model Removal 'KEY[0]'
Slack : 0.606
TNS   : 0.000

Type  : Fast 1100mV 0C Model Minimum Pulse Width 'KEY[1]'
Slack : -0.869
TNS   : -2.291

Type  : Fast 1100mV 0C Model Minimum Pulse Width 'KEY[0]'
Slack : -0.777
TNS   : -1.986

Type  : Fast 1100mV 0C Model Minimum Pulse Width 'CLOCK_50'
Slack : -0.447
TNS   : -330.535

------------------------------------------------------------
