Analysis & Synthesis report for Aula7e8
Sun Oct 09 19:29:08 2022
Quartus Prime Version 20.1.0 Build 711 06/05/2020 SJ Lite Edition


---------------------
; Table of Contents ;
---------------------
  1. Legal Notice
  2. Analysis & Synthesis Summary
  3. Analysis & Synthesis Settings
  4. Parallel Compilation
  5. Analysis & Synthesis Source Files Read
  6. Analysis & Synthesis Resource Usage Summary
  7. Analysis & Synthesis Resource Utilization by Entity
  8. Registers Removed During Synthesis
  9. Removed Registers Triggering Further Register Optimizations
 10. General Register Statistics
 11. Parameter Settings for User Entity Instance: Top-level Entity: |Aula7e8
 12. Parameter Settings for User Entity Instance: CPU:CPU
 13. Parameter Settings for User Entity Instance: CPU:CPU|muxGenerico2x1:MUX_EntradaB_ULA
 14. Parameter Settings for User Entity Instance: CPU:CPU|ULASomaSub:ULA1
 15. Parameter Settings for User Entity Instance: CPU:CPU|registradorGenerico:REGA
 16. Parameter Settings for User Entity Instance: CPU:CPU|muxGenericoNx1:MUX_PC
 17. Parameter Settings for User Entity Instance: CPU:CPU|registradorGenerico:REG_RETORNO
 18. Parameter Settings for User Entity Instance: CPU:CPU|somaConstante:incrementaPC
 19. Parameter Settings for User Entity Instance: CPU:CPU|registradorGenerico:PC
 20. Parameter Settings for User Entity Instance: memoriaROM:ROM
 21. Parameter Settings for User Entity Instance: memoriaRAM:RAM
 22. Parameter Settings for User Entity Instance: ledComponent:logica_LED
 23. Parameter Settings for User Entity Instance: ledComponent:logica_LED|registradorGenerico:LED0to7
 24. Port Connectivity Checks: "ledComponent:logica_LED|registradorGenerico:LED0to7"
 25. Port Connectivity Checks: "ledComponent:logica_LED|flipFlopGenerico:LED8"
 26. Port Connectivity Checks: "ledComponent:logica_LED|flipFlopGenerico:LED9"
 27. Port Connectivity Checks: "decoder3x8:DEC_Enderecos"
 28. Port Connectivity Checks: "decoder3x8:DEC_Blocos"
 29. Port Connectivity Checks: "CPU:CPU|registradorGenerico:PC"
 30. Port Connectivity Checks: "CPU:CPU|registradorGenerico:REG_RETORNO"
 31. Port Connectivity Checks: "CPU:CPU|muxGenericoNx1:MUX_PC"
 32. Port Connectivity Checks: "CPU:CPU|registradorGenerico:REGA"
 33. Port Connectivity Checks: "CPU:CPU|flipFlopGenerico:REG_FLAG"
 34. Port Connectivity Checks: "CPU:CPU|decoderGeneric:DEC_instrucao"
 35. Post-Synthesis Netlist Statistics for Top Partition
 36. Elapsed Time Per Partition
 37. Analysis & Synthesis Messages



----------------
; Legal Notice ;
----------------
Copyright (C) 2020  Intel Corporation. All rights reserved.
Your use of Intel Corporation's design tools, logic functions 
and other software and tools, and any partner logic 
functions, and any output files from any of the foregoing 
(including device programming or simulation files), and any 
associated documentation or information are expressly subject 
to the terms and conditions of the Intel Program License 
Subscription Agreement, the Intel Quartus Prime License Agreement,
the Intel FPGA IP License Agreement, or other applicable license
agreement, including, without limitation, that your use is for
the sole purpose of programming logic devices manufactured by
Intel and sold by Intel or its authorized distributors.  Please
refer to the applicable agreement for further details, at
https://fpgasoftware.intel.com/eula.



+-------------------------------------------------------------------------------+
; Analysis & Synthesis Summary                                                  ;
+---------------------------------+---------------------------------------------+
; Analysis & Synthesis Status     ; Successful - Sun Oct 09 19:29:08 2022       ;
; Quartus Prime Version           ; 20.1.0 Build 711 06/05/2020 SJ Lite Edition ;
; Revision Name                   ; Aula7e8                                     ;
; Top-level Entity Name           ; Aula7e8                                     ;
; Family                          ; Cyclone V                                   ;
; Logic utilization (in ALMs)     ; N/A                                         ;
; Total registers                 ; 0                                           ;
; Total pins                      ; 12                                          ;
; Total virtual pins              ; 0                                           ;
; Total block memory bits         ; 0                                           ;
; Total DSP Blocks                ; 0                                           ;
; Total HSSI RX PCSs              ; 0                                           ;
; Total HSSI PMA RX Deserializers ; 0                                           ;
; Total HSSI TX PCSs              ; 0                                           ;
; Total HSSI PMA TX Serializers   ; 0                                           ;
; Total PLLs                      ; 0                                           ;
; Total DLLs                      ; 0                                           ;
+---------------------------------+---------------------------------------------+


+---------------------------------------------------------------------------------------------------------------------------+
; Analysis & Synthesis Settings                                                                                             ;
+---------------------------------------------------------------------------------+--------------------+--------------------+
; Option                                                                          ; Setting            ; Default Value      ;
+---------------------------------------------------------------------------------+--------------------+--------------------+
; Device                                                                          ; 5CEBA4F23C7        ;                    ;
; Top-level entity name                                                           ; Aula7e8            ; Aula7e8            ;
; Family name                                                                     ; Cyclone V          ; Cyclone V          ;
; Use smart compilation                                                           ; Off                ; Off                ;
; Enable parallel Assembler and Timing Analyzer during compilation                ; On                 ; On                 ;
; Enable compact report table                                                     ; Off                ; Off                ;
; Restructure Multiplexers                                                        ; Auto               ; Auto               ;
; MLAB Add Timing Constraints For Mixed-Port Feed-Through Mode Setting Don't Care ; Off                ; Off                ;
; Create Debugging Nodes for IP Cores                                             ; Off                ; Off                ;
; Preserve fewer node names                                                       ; On                 ; On                 ;
; Intel FPGA IP Evaluation Mode                                                   ; Enable             ; Enable             ;
; Verilog Version                                                                 ; Verilog_2001       ; Verilog_2001       ;
; VHDL Version                                                                    ; VHDL_1993          ; VHDL_1993          ;
; State Machine Processing                                                        ; Auto               ; Auto               ;
; Safe State Machine                                                              ; Off                ; Off                ;
; Extract Verilog State Machines                                                  ; On                 ; On                 ;
; Extract VHDL State Machines                                                     ; On                 ; On                 ;
; Ignore Verilog initial constructs                                               ; Off                ; Off                ;
; Iteration limit for constant Verilog loops                                      ; 5000               ; 5000               ;
; Iteration limit for non-constant Verilog loops                                  ; 250                ; 250                ;
; Add Pass-Through Logic to Inferred RAMs                                         ; On                 ; On                 ;
; Infer RAMs from Raw Logic                                                       ; On                 ; On                 ;
; Parallel Synthesis                                                              ; On                 ; On                 ;
; DSP Block Balancing                                                             ; Auto               ; Auto               ;
; NOT Gate Push-Back                                                              ; On                 ; On                 ;
; Power-Up Don't Care                                                             ; On                 ; On                 ;
; Remove Redundant Logic Cells                                                    ; Off                ; Off                ;
; Remove Duplicate Registers                                                      ; On                 ; On                 ;
; Ignore CARRY Buffers                                                            ; Off                ; Off                ;
; Ignore CASCADE Buffers                                                          ; Off                ; Off                ;
; Ignore GLOBAL Buffers                                                           ; Off                ; Off                ;
; Ignore ROW GLOBAL Buffers                                                       ; Off                ; Off                ;
; Ignore LCELL Buffers                                                            ; Off                ; Off                ;
; Ignore SOFT Buffers                                                             ; On                 ; On                 ;
; Limit AHDL Integers to 32 Bits                                                  ; Off                ; Off                ;
; Optimization Technique                                                          ; Balanced           ; Balanced           ;
; Carry Chain Length                                                              ; 70                 ; 70                 ;
; Auto Carry Chains                                                               ; On                 ; On                 ;
; Auto Open-Drain Pins                                                            ; On                 ; On                 ;
; Perform WYSIWYG Primitive Resynthesis                                           ; Off                ; Off                ;
; Auto ROM Replacement                                                            ; On                 ; On                 ;
; Auto RAM Replacement                                                            ; On                 ; On                 ;
; Auto DSP Block Replacement                                                      ; On                 ; On                 ;
; Auto Shift Register Replacement                                                 ; Auto               ; Auto               ;
; Allow Shift Register Merging across Hierarchies                                 ; Auto               ; Auto               ;
; Auto Clock Enable Replacement                                                   ; On                 ; On                 ;
; Strict RAM Replacement                                                          ; Off                ; Off                ;
; Allow Synchronous Control Signals                                               ; On                 ; On                 ;
; Force Use of Synchronous Clear Signals                                          ; Off                ; Off                ;
; Auto Resource Sharing                                                           ; Off                ; Off                ;
; Allow Any RAM Size For Recognition                                              ; Off                ; Off                ;
; Allow Any ROM Size For Recognition                                              ; Off                ; Off                ;
; Allow Any Shift Register Size For Recognition                                   ; Off                ; Off                ;
; Use LogicLock Constraints during Resource Balancing                             ; On                 ; On                 ;
; Ignore translate_off and synthesis_off directives                               ; Off                ; Off                ;
; Timing-Driven Synthesis                                                         ; On                 ; On                 ;
; Report Parameter Settings                                                       ; On                 ; On                 ;
; Report Source Assignments                                                       ; On                 ; On                 ;
; Report Connectivity Checks                                                      ; On                 ; On                 ;
; Ignore Maximum Fan-Out Assignments                                              ; Off                ; Off                ;
; Synchronization Register Chain Length                                           ; 3                  ; 3                  ;
; Power Optimization During Synthesis                                             ; Normal compilation ; Normal compilation ;
; HDL message level                                                               ; Level2             ; Level2             ;
; Suppress Register Optimization Related Messages                                 ; Off                ; Off                ;
; Number of Removed Registers Reported in Synthesis Report                        ; 5000               ; 5000               ;
; Number of Swept Nodes Reported in Synthesis Report                              ; 5000               ; 5000               ;
; Number of Inverted Registers Reported in Synthesis Report                       ; 100                ; 100                ;
; Clock MUX Protection                                                            ; On                 ; On                 ;
; Auto Gated Clock Conversion                                                     ; Off                ; Off                ;
; Block Design Naming                                                             ; Auto               ; Auto               ;
; SDC constraint protection                                                       ; Off                ; Off                ;
; Synthesis Effort                                                                ; Auto               ; Auto               ;
; Shift Register Replacement - Allow Asynchronous Clear Signal                    ; On                 ; On                 ;
; Pre-Mapping Resynthesis Optimization                                            ; Off                ; Off                ;
; Analysis & Synthesis Message Level                                              ; Medium             ; Medium             ;
; Disable Register Merging Across Hierarchies                                     ; Auto               ; Auto               ;
; Resource Aware Inference For Block RAM                                          ; On                 ; On                 ;
; Automatic Parallel Synthesis                                                    ; On                 ; On                 ;
; Partial Reconfiguration Bitstream ID                                            ; Off                ; Off                ;
+---------------------------------------------------------------------------------+--------------------+--------------------+


+------------------------------------------+
; Parallel Compilation                     ;
+----------------------------+-------------+
; Processors                 ; Number      ;
+----------------------------+-------------+
; Number detected on machine ; 12          ;
; Maximum allowed            ; 6           ;
;                            ;             ;
; Average used               ; 1.00        ;
; Maximum used               ; 1           ;
;                            ;             ;
; Usage by Processor         ; % Time Used ;
;     Processor 1            ; 100.0%      ;
+----------------------------+-------------+


+------------------------------------------------------------------------------------------------------------------------------+
; Analysis & Synthesis Source Files Read                                                                                       ;
+----------------------------------+-----------------+-----------------+---------------------------------------------+---------+
; File Name with User-Entered Path ; Used in Netlist ; File Type       ; File Name with Absolute Path                ; Library ;
+----------------------------------+-----------------+-----------------+---------------------------------------------+---------+
; ULASomaSub.vhd                   ; yes             ; User VHDL File  ; C:/DesComp2/Aula7e8/ULASomaSub.vhd          ;         ;
; flipFlopGenerico.vhd             ; yes             ; User VHDL File  ; C:/DesComp2/Aula7e8/flipFlopGenerico.vhd    ;         ;
; decoderGeneric.vhd               ; yes             ; User VHDL File  ; C:/DesComp2/Aula7e8/decoderGeneric.vhd      ;         ;
; muxGenerico2x1.vhd               ; yes             ; User VHDL File  ; C:/DesComp2/Aula7e8/muxGenerico2x1.vhd      ;         ;
; muxGenericoNx1.vhd               ; yes             ; User VHDL File  ; C:/DesComp2/Aula7e8/muxGenericoNx1.vhd      ;         ;
; somaConstante.vhd                ; yes             ; User VHDL File  ; C:/DesComp2/Aula7e8/somaConstante.vhd       ;         ;
; registradorGenerico.vhd          ; yes             ; User VHDL File  ; C:/DesComp2/Aula7e8/registradorGenerico.vhd ;         ;
; memoriaROM.vhd                   ; yes             ; User VHDL File  ; C:/DesComp2/Aula7e8/memoriaROM.vhd          ;         ;
; memoriaRAM.vhd                   ; yes             ; User VHDL File  ; C:/DesComp2/Aula7e8/memoriaRAM.vhd          ;         ;
; Aula7e8.vhd                      ; yes             ; User VHDL File  ; C:/DesComp2/Aula7e8/Aula7e8.vhd             ;         ;
; CPU.vhd                          ; yes             ; User VHDL File  ; C:/DesComp2/Aula7e8/CPU.vhd                 ;         ;
; decoder3x8.vhd                   ; yes             ; User VHDL File  ; C:/DesComp2/Aula7e8/decoder3x8.vhd          ;         ;
; edgeDetector.vhd                 ; yes             ; User VHDL File  ; C:/DesComp2/Aula7e8/edgeDetector.vhd        ;         ;
; ledComponent.vhd                 ; yes             ; User VHDL File  ; C:/DesComp2/Aula7e8/ledComponent.vhd        ;         ;
+----------------------------------+-----------------+-----------------+---------------------------------------------+---------+


+--------------------------------------------------------+
; Analysis & Synthesis Resource Usage Summary            ;
+---------------------------------------------+----------+
; Resource                                    ; Usage    ;
+---------------------------------------------+----------+
; Estimate of Logic utilization (ALMs needed) ; 0        ;
;                                             ;          ;
; Combinational ALUT usage for logic          ; 0        ;
;     -- 7 input functions                    ; 0        ;
;     -- 6 input functions                    ; 0        ;
;     -- 5 input functions                    ; 0        ;
;     -- 4 input functions                    ; 0        ;
;     -- <=3 input functions                  ; 0        ;
;                                             ;          ;
; Dedicated logic registers                   ; 0        ;
;                                             ;          ;
; I/O pins                                    ; 12       ;
;                                             ;          ;
; Total DSP Blocks                            ; 0        ;
;                                             ;          ;
; Maximum fan-out node                        ; CLOCK_50 ;
; Maximum fan-out                             ; 1        ;
; Total fan-out                               ; 12       ;
; Average fan-out                             ; 0.50     ;
+---------------------------------------------+----------+


+----------------------------------------------------------------------------------------------------------------------------------------------------------------------------------------+
; Analysis & Synthesis Resource Utilization by Entity                                                                                                                                    ;
+----------------------------+---------------------+---------------------------+-------------------+------------+------+--------------+---------------------+-------------+--------------+
; Compilation Hierarchy Node ; Combinational ALUTs ; Dedicated Logic Registers ; Block Memory Bits ; DSP Blocks ; Pins ; Virtual Pins ; Full Hierarchy Name ; Entity Name ; Library Name ;
+----------------------------+---------------------+---------------------------+-------------------+------------+------+--------------+---------------------+-------------+--------------+
; |Aula7e8                   ; 0 (0)               ; 0 (0)                     ; 0                 ; 0          ; 12   ; 0            ; |Aula7e8            ; Aula7e8     ; work         ;
+----------------------------+---------------------+---------------------------+-------------------+------------+------+--------------+---------------------+-------------+--------------+
Note: For table entries with two numbers listed, the numbers in parentheses indicate the number of resources of the given type used by the specific entity alone. The numbers listed outside of parentheses indicate the total resources of the given type used by the specific entity and all of its sub-entities in the hierarchy.


+--------------------------------------------------------------------------------------------------------------+
; Registers Removed During Synthesis                                                                           ;
+----------------------------------------------------------------+---------------------------------------------+
; Register name                                                  ; Reason for Removal                          ;
+----------------------------------------------------------------+---------------------------------------------+
; ledComponent:logica_LED|flipFlopGenerico:LED9|DOUT             ; Stuck at GND due to stuck port clock_enable ;
; CPU:CPU|flipFlopGenerico:REG_FLAG|DOUT                         ; Lost fanout                                 ;
; ledComponent:logica_LED|registradorGenerico:LED0to7|DOUT[0..7] ; Stuck at GND due to stuck port clock_enable ;
; ledComponent:logica_LED|flipFlopGenerico:LED8|DOUT             ; Stuck at GND due to stuck port clock_enable ;
; CPU:CPU|registradorGenerico:REG_RETORNO|DOUT[0..8]             ; Lost fanout                                 ;
; CPU:CPU|registradorGenerico:REGA|DOUT[0..7]                    ; Stuck at GND due to stuck port clock_enable ;
; CPU:CPU|registradorGenerico:PC|DOUT[0..8]                      ; Lost fanout                                 ;
; edgeDetector:detectorSub0|saidaQ                               ; Lost fanout                                 ;
; Total Number of Removed Registers = 38                         ;                                             ;
+----------------------------------------------------------------+---------------------------------------------+


+--------------------------------------------------------------------------------------------------------------------------------------------------------+
; Removed Registers Triggering Further Register Optimizations                                                                                            ;
+-------------------------------------------------+--------------------+---------------------------------------------------------------------------------+
; Register name                                   ; Reason for Removal ; Registers Removed due to This Register                                          ;
+-------------------------------------------------+--------------------+---------------------------------------------------------------------------------+
; CPU:CPU|registradorGenerico:REG_RETORNO|DOUT[0] ; Lost Fanouts       ; CPU:CPU|registradorGenerico:PC|DOUT[5], CPU:CPU|registradorGenerico:PC|DOUT[4], ;
;                                                 ;                    ; CPU:CPU|registradorGenerico:PC|DOUT[3], CPU:CPU|registradorGenerico:PC|DOUT[2]  ;
; CPU:CPU|flipFlopGenerico:REG_FLAG|DOUT          ; Lost Fanouts       ; CPU:CPU|registradorGenerico:PC|DOUT[1], CPU:CPU|registradorGenerico:PC|DOUT[0], ;
;                                                 ;                    ; edgeDetector:detectorSub0|saidaQ                                                ;
+-------------------------------------------------+--------------------+---------------------------------------------------------------------------------+


+------------------------------------------------------+
; General Register Statistics                          ;
+----------------------------------------------+-------+
; Statistic                                    ; Value ;
+----------------------------------------------+-------+
; Total registers                              ; 0     ;
; Number of registers using Synchronous Clear  ; 0     ;
; Number of registers using Synchronous Load   ; 0     ;
; Number of registers using Asynchronous Clear ; 0     ;
; Number of registers using Asynchronous Load  ; 0     ;
; Number of registers using Clock Enable       ; 0     ;
; Number of registers using Preset             ; 0     ;
+----------------------------------------------+-------+


+-------------------------------------------------------------------------+
; Parameter Settings for User Entity Instance: Top-level Entity: |Aula7e8 ;
+------------------+-------+----------------------------------------------+
; Parameter Name   ; Value ; Type                                         ;
+------------------+-------+----------------------------------------------+
; larguraDados     ; 8     ; Signed Integer                               ;
; larguraEnderecos ; 9     ; Signed Integer                               ;
; largurainstrucao ; 13    ; Signed Integer                               ;
+------------------+-------+----------------------------------------------+
Note: In order to hide this table in the UI and the text report file, please set the "Show Parameter Settings in Synthesis Report" option in "Analysis and Synthesis Settings -> More Settings" to "Off".


+------------------------------------------------------+
; Parameter Settings for User Entity Instance: CPU:CPU ;
+------------------+-------+---------------------------+
; Parameter Name   ; Value ; Type                      ;
+------------------+-------+---------------------------+
; larguradados     ; 8     ; Signed Integer            ;
; larguraenderecos ; 9     ; Signed Integer            ;
; largurainstrucao ; 13    ; Signed Integer            ;
+------------------+-------+---------------------------+
Note: In order to hide this table in the UI and the text report file, please set the "Show Parameter Settings in Synthesis Report" option in "Analysis and Synthesis Settings -> More Settings" to "Off".


+--------------------------------------------------------------------------------------+
; Parameter Settings for User Entity Instance: CPU:CPU|muxGenerico2x1:MUX_EntradaB_ULA ;
+----------------+-------+-------------------------------------------------------------+
; Parameter Name ; Value ; Type                                                        ;
+----------------+-------+-------------------------------------------------------------+
; larguradados   ; 8     ; Signed Integer                                              ;
+----------------+-------+-------------------------------------------------------------+
Note: In order to hide this table in the UI and the text report file, please set the "Show Parameter Settings in Synthesis Report" option in "Analysis and Synthesis Settings -> More Settings" to "Off".


+----------------------------------------------------------------------+
; Parameter Settings for User Entity Instance: CPU:CPU|ULASomaSub:ULA1 ;
+----------------+-------+---------------------------------------------+
; Parameter Name ; Value ; Type                                        ;
+----------------+-------+---------------------------------------------+
; larguradados   ; 8     ; Signed Integer                              ;
+----------------+-------+---------------------------------------------+
Note: In order to hide this table in the UI and the text report file, please set the "Show Parameter Settings in Synthesis Report" option in "Analysis and Synthesis Settings -> More Settings" to "Off".


+-------------------------------------------------------------------------------+
; Parameter Settings for User Entity Instance: CPU:CPU|registradorGenerico:REGA ;
+----------------+-------+------------------------------------------------------+
; Parameter Name ; Value ; Type                                                 ;
+----------------+-------+------------------------------------------------------+
; larguradados   ; 8     ; Signed Integer                                       ;
+----------------+-------+------------------------------------------------------+
Note: In order to hide this table in the UI and the text report file, please set the "Show Parameter Settings in Synthesis Report" option in "Analysis and Synthesis Settings -> More Settings" to "Off".


+----------------------------------------------------------------------------+
; Parameter Settings for User Entity Instance: CPU:CPU|muxGenericoNx1:MUX_PC ;
+----------------+-------+---------------------------------------------------+
; Parameter Name ; Value ; Type                                              ;
+----------------+-------+---------------------------------------------------+
; larguradados   ; 9     ; Signed Integer                                    ;
+----------------+-------+---------------------------------------------------+
Note: In order to hide this table in the UI and the text report file, please set the "Show Parameter Settings in Synthesis Report" option in "Analysis and Synthesis Settings -> More Settings" to "Off".


+--------------------------------------------------------------------------------------+
; Parameter Settings for User Entity Instance: CPU:CPU|registradorGenerico:REG_RETORNO ;
+----------------+-------+-------------------------------------------------------------+
; Parameter Name ; Value ; Type                                                        ;
+----------------+-------+-------------------------------------------------------------+
; larguradados   ; 9     ; Signed Integer                                              ;
+----------------+-------+-------------------------------------------------------------+
Note: In order to hide this table in the UI and the text report file, please set the "Show Parameter Settings in Synthesis Report" option in "Analysis and Synthesis Settings -> More Settings" to "Off".


+---------------------------------------------------------------------------------+
; Parameter Settings for User Entity Instance: CPU:CPU|somaConstante:incrementaPC ;
+----------------+-------+--------------------------------------------------------+
; Parameter Name ; Value ; Type                                                   ;
+----------------+-------+--------------------------------------------------------+
; larguradados   ; 9     ; Signed Integer                                         ;
; constante      ; 1     ; Signed Integer                                         ;
+----------------+-------+--------------------------------------------------------+
Note: In order to hide this table in the UI and the text report file, please set the "Show Parameter Settings in Synthesis Report" option in "Analysis and Synthesis Settings -> More Settings" to "Off".


+-----------------------------------------------------------------------------+
; Parameter Settings for User Entity Instance: CPU:CPU|registradorGenerico:PC ;
+----------------+-------+----------------------------------------------------+
; Parameter Name ; Value ; Type                                               ;
+----------------+-------+----------------------------------------------------+
; larguradados   ; 9     ; Signed Integer                                     ;
+----------------+-------+----------------------------------------------------+
Note: In order to hide this table in the UI and the text report file, please set the "Show Parameter Settings in Synthesis Report" option in "Analysis and Synthesis Settings -> More Settings" to "Off".


+-------------------------------------------------------------+
; Parameter Settings for User Entity Instance: memoriaROM:ROM ;
+----------------+-------+------------------------------------+
; Parameter Name ; Value ; Type                               ;
+----------------+-------+------------------------------------+
; datawidth      ; 13    ; Signed Integer                     ;
; addrwidth      ; 9     ; Signed Integer                     ;
+----------------+-------+------------------------------------+
Note: In order to hide this table in the UI and the text report file, please set the "Show Parameter Settings in Synthesis Report" option in "Analysis and Synthesis Settings -> More Settings" to "Off".


+-------------------------------------------------------------+
; Parameter Settings for User Entity Instance: memoriaRAM:RAM ;
+----------------+-------+------------------------------------+
; Parameter Name ; Value ; Type                               ;
+----------------+-------+------------------------------------+
; datawidth      ; 8     ; Signed Integer                     ;
; addrwidth      ; 8     ; Signed Integer                     ;
+----------------+-------+------------------------------------+
Note: In order to hide this table in the UI and the text report file, please set the "Show Parameter Settings in Synthesis Report" option in "Analysis and Synthesis Settings -> More Settings" to "Off".


+----------------------------------------------------------------------+
; Parameter Settings for User Entity Instance: ledComponent:logica_LED ;
+----------------+-------+---------------------------------------------+
; Parameter Name ; Value ; Type                                        ;
+----------------+-------+---------------------------------------------+
; larguradados   ; 8     ; Signed Integer                              ;
+----------------+-------+---------------------------------------------+
Note: In order to hide this table in the UI and the text report file, please set the "Show Parameter Settings in Synthesis Report" option in "Analysis and Synthesis Settings -> More Settings" to "Off".


+--------------------------------------------------------------------------------------------------+
; Parameter Settings for User Entity Instance: ledComponent:logica_LED|registradorGenerico:LED0to7 ;
+----------------+-------+-------------------------------------------------------------------------+
; Parameter Name ; Value ; Type                                                                    ;
+----------------+-------+-------------------------------------------------------------------------+
; larguradados   ; 8     ; Signed Integer                                                          ;
+----------------+-------+-------------------------------------------------------------------------+
Note: In order to hide this table in the UI and the text report file, please set the "Show Parameter Settings in Synthesis Report" option in "Analysis and Synthesis Settings -> More Settings" to "Off".


+---------------------------------------------------------------------------------+
; Port Connectivity Checks: "ledComponent:logica_LED|registradorGenerico:LED0to7" ;
+------+-------+----------+-------------------------------------------------------+
; Port ; Type  ; Severity ; Details                                               ;
+------+-------+----------+-------------------------------------------------------+
; rst  ; Input ; Info     ; Stuck at GND                                          ;
+------+-------+----------+-------------------------------------------------------+


+---------------------------------------------------------------------------+
; Port Connectivity Checks: "ledComponent:logica_LED|flipFlopGenerico:LED8" ;
+------+-------+----------+-------------------------------------------------+
; Port ; Type  ; Severity ; Details                                         ;
+------+-------+----------+-------------------------------------------------+
; rst  ; Input ; Info     ; Stuck at GND                                    ;
+------+-------+----------+-------------------------------------------------+


+---------------------------------------------------------------------------+
; Port Connectivity Checks: "ledComponent:logica_LED|flipFlopGenerico:LED9" ;
+------+-------+----------+-------------------------------------------------+
; Port ; Type  ; Severity ; Details                                         ;
+------+-------+----------+-------------------------------------------------+
; rst  ; Input ; Info     ; Stuck at GND                                    ;
+------+-------+----------+-------------------------------------------------+


+-----------------------------------------------------------------------------------------------------------------------+
; Port Connectivity Checks: "decoder3x8:DEC_Enderecos"                                                                  ;
+-------------+--------+----------+-------------------------------------------------------------------------------------+
; Port        ; Type   ; Severity ; Details                                                                             ;
+-------------+--------+----------+-------------------------------------------------------------------------------------+
; saida[7..3] ; Output ; Info     ; Connected to dangling logic. Logic that only feeds a dangling port will be removed. ;
+-------------+--------+----------+-------------------------------------------------------------------------------------+


+-----------------------------------------------------------------------------------------------------------------------+
; Port Connectivity Checks: "decoder3x8:DEC_Blocos"                                                                     ;
+-------------+--------+----------+-------------------------------------------------------------------------------------+
; Port        ; Type   ; Severity ; Details                                                                             ;
+-------------+--------+----------+-------------------------------------------------------------------------------------+
; saida[7..5] ; Output ; Info     ; Connected to dangling logic. Logic that only feeds a dangling port will be removed. ;
; saida[3..1] ; Output ; Info     ; Connected to dangling logic. Logic that only feeds a dangling port will be removed. ;
+-------------+--------+----------+-------------------------------------------------------------------------------------+


+------------------------------------------------------------+
; Port Connectivity Checks: "CPU:CPU|registradorGenerico:PC" ;
+--------+-------+----------+--------------------------------+
; Port   ; Type  ; Severity ; Details                        ;
+--------+-------+----------+--------------------------------+
; enable ; Input ; Info     ; Stuck at VCC                   ;
; rst    ; Input ; Info     ; Stuck at GND                   ;
+--------+-------+----------+--------------------------------+


+---------------------------------------------------------------------+
; Port Connectivity Checks: "CPU:CPU|registradorGenerico:REG_RETORNO" ;
+------+-------+----------+-------------------------------------------+
; Port ; Type  ; Severity ; Details                                   ;
+------+-------+----------+-------------------------------------------+
; rst  ; Input ; Info     ; Stuck at GND                              ;
+------+-------+----------+-------------------------------------------+


+-----------------------------------------------------------+
; Port Connectivity Checks: "CPU:CPU|muxGenericoNx1:MUX_PC" ;
+--------------+-------+----------+-------------------------+
; Port         ; Type  ; Severity ; Details                 ;
+--------------+-------+----------+-------------------------+
; entrada3_mux ; Input ; Info     ; Stuck at GND            ;
+--------------+-------+----------+-------------------------+


+--------------------------------------------------------------+
; Port Connectivity Checks: "CPU:CPU|registradorGenerico:REGA" ;
+------+-------+----------+------------------------------------+
; Port ; Type  ; Severity ; Details                            ;
+------+-------+----------+------------------------------------+
; rst  ; Input ; Info     ; Stuck at GND                       ;
+------+-------+----------+------------------------------------+


+---------------------------------------------------------------+
; Port Connectivity Checks: "CPU:CPU|flipFlopGenerico:REG_FLAG" ;
+------+-------+----------+-------------------------------------+
; Port ; Type  ; Severity ; Details                             ;
+------+-------+----------+-------------------------------------+
; rst  ; Input ; Info     ; Stuck at GND                        ;
+------+-------+----------+-------------------------------------+


+------------------------------------------------------------------------------------------------------------------------+
; Port Connectivity Checks: "CPU:CPU|decoderGeneric:DEC_instrucao"                                                       ;
+--------------+--------+----------+-------------------------------------------------------------------------------------+
; Port         ; Type   ; Severity ; Details                                                                             ;
+--------------+--------+----------+-------------------------------------------------------------------------------------+
; saida[10..7] ; Output ; Info     ; Connected to dangling logic. Logic that only feeds a dangling port will be removed. ;
+--------------+--------+----------+-------------------------------------------------------------------------------------+


+-----------------------------------------------------+
; Post-Synthesis Netlist Statistics for Top Partition ;
+-----------------------+-----------------------------+
; Type                  ; Count                       ;
+-----------------------+-----------------------------+
; arriav_lcell_comb     ; 1                           ;
;     normal            ; 1                           ;
;         0 data inputs ; 1                           ;
; boundary_port         ; 12                          ;
;                       ;                             ;
; Max LUT depth         ; 0.00                        ;
; Average LUT depth     ; 0.00                        ;
+-----------------------+-----------------------------+


+-------------------------------+
; Elapsed Time Per Partition    ;
+----------------+--------------+
; Partition Name ; Elapsed Time ;
+----------------+--------------+
; Top            ; 00:00:00     ;
+----------------+--------------+


+-------------------------------+
; Analysis & Synthesis Messages ;
+-------------------------------+
Info: *******************************************************************
Info: Running Quartus Prime Analysis & Synthesis
    Info: Version 20.1.0 Build 711 06/05/2020 SJ Lite Edition
    Info: Processing started: Sun Oct 09 19:29:01 2022
Info: Command: quartus_map --read_settings_files=on --write_settings_files=off Aula7e8 -c Aula7e8
Warning (18236): Number of processors has not been specified which may cause overloading on shared machines.  Set the global assignment NUM_PARALLEL_PROCESSORS in your QSF to an appropriate value for best performance.
Info (20030): Parallel compilation is enabled and will use 6 of the 6 processors detected
Info (12021): Found 2 design units, including 1 entities, in source file ulasomasub.vhd
    Info (12022): Found design unit 1: ULASomaSub-comportamento File: C:/DesComp2/Aula7e8/ULASomaSub.vhd Line: 15
    Info (12023): Found entity 1: ULASomaSub File: C:/DesComp2/Aula7e8/ULASomaSub.vhd Line: 5
Info (12021): Found 2 design units, including 1 entities, in source file flipflopgenerico.vhd
    Info (12022): Found design unit 1: flipFlopGenerico-comportamento File: C:/DesComp2/Aula7e8/flipFlopGenerico.vhd Line: 14
    Info (12023): Found entity 1: flipFlopGenerico File: C:/DesComp2/Aula7e8/flipFlopGenerico.vhd Line: 4
Info (12021): Found 2 design units, including 1 entities, in source file decodergeneric.vhd
    Info (12022): Found design unit 1: decoderGeneric-comportamento File: C:/DesComp2/Aula7e8/decoderGeneric.vhd Line: 12
    Info (12023): Found entity 1: decoderGeneric File: C:/DesComp2/Aula7e8/decoderGeneric.vhd Line: 4
Info (12021): Found 2 design units, including 1 entities, in source file muxgenerico2x1.vhd
    Info (12022): Found design unit 1: muxGenerico2x1-comportamento File: C:/DesComp2/Aula7e8/muxGenerico2x1.vhd Line: 14
    Info (12023): Found entity 1: muxGenerico2x1 File: C:/DesComp2/Aula7e8/muxGenerico2x1.vhd Line: 4
Info (12021): Found 2 design units, including 1 entities, in source file muxgenericonx1.vhd
    Info (12022): Found design unit 1: muxGenericoNx1-comportamento File: C:/DesComp2/Aula7e8/muxGenericoNx1.vhd Line: 14
    Info (12023): Found entity 1: muxGenericoNx1 File: C:/DesComp2/Aula7e8/muxGenericoNx1.vhd Line: 4
Info (12021): Found 2 design units, including 1 entities, in source file somaconstante.vhd
    Info (12022): Found design unit 1: somaConstante-comportamento File: C:/DesComp2/Aula7e8/somaConstante.vhd Line: 18
    Info (12023): Found entity 1: somaConstante File: C:/DesComp2/Aula7e8/somaConstante.vhd Line: 5
Info (12021): Found 2 design units, including 1 entities, in source file registradorgenerico.vhd
    Info (12022): Found design unit 1: registradorGenerico-comportamento File: C:/DesComp2/Aula7e8/registradorGenerico.vhd Line: 15
    Info (12023): Found entity 1: registradorGenerico File: C:/DesComp2/Aula7e8/registradorGenerico.vhd Line: 4
Info (12021): Found 2 design units, including 1 entities, in source file memoriarom.vhd
    Info (12022): Found design unit 1: memoriaROM-assincrona File: C:/DesComp2/Aula7e8/memoriaROM.vhd Line: 16
    Info (12023): Found entity 1: memoriaROM File: C:/DesComp2/Aula7e8/memoriaROM.vhd Line: 5
Info (12021): Found 2 design units, including 1 entities, in source file memoriaram.vhd
    Info (12022): Found design unit 1: memoriaRAM-rtl File: C:/DesComp2/Aula7e8/memoriaRAM.vhd Line: 21
    Info (12023): Found entity 1: memoriaRAM File: C:/DesComp2/Aula7e8/memoriaRAM.vhd Line: 5
Info (12021): Found 2 design units, including 1 entities, in source file aula7e8.vhd
    Info (12022): Found design unit 1: Aula7e8-arquitetura File: C:/DesComp2/Aula7e8/Aula7e8.vhd Line: 18
    Info (12023): Found entity 1: Aula7e8 File: C:/DesComp2/Aula7e8/Aula7e8.vhd Line: 4
Info (12021): Found 2 design units, including 1 entities, in source file bancoregistradoresarqregmem.vhd
    Info (12022): Found design unit 1: bancoRegistradoresArqRegMem-comportamento File: C:/DesComp2/Aula7e8/bancoRegistradoresArqRegMem.vhd Line: 23
    Info (12023): Found entity 1: bancoRegistradoresArqRegMem File: C:/DesComp2/Aula7e8/bancoRegistradoresArqRegMem.vhd Line: 5
Info (12021): Found 2 design units, including 1 entities, in source file cpu.vhd
    Info (12022): Found design unit 1: CPU-arquitetura File: C:/DesComp2/Aula7e8/CPU.vhd Line: 23
    Info (12023): Found entity 1: CPU File: C:/DesComp2/Aula7e8/CPU.vhd Line: 4
Info (12021): Found 2 design units, including 1 entities, in source file decoder3x8.vhd
    Info (12022): Found design unit 1: decoder3x8-comportamento File: C:/DesComp2/Aula7e8/decoder3x8.vhd Line: 10
    Info (12023): Found entity 1: decoder3x8 File: C:/DesComp2/Aula7e8/decoder3x8.vhd Line: 4
Info (12021): Found 3 design units, including 1 entities, in source file edgedetector.vhd
    Info (12022): Found design unit 1: edgeDetector-bordaSubida File: C:/DesComp2/Aula7e8/edgeDetector.vhd Line: 10
    Info (12022): Found design unit 2: edgeDetector-bordaDescida File: C:/DesComp2/Aula7e8/edgeDetector.vhd Line: 23
    Info (12023): Found entity 1: edgeDetector File: C:/DesComp2/Aula7e8/edgeDetector.vhd Line: 4
Info (12021): Found 2 design units, including 1 entities, in source file ledcomponent.vhd
    Info (12022): Found design unit 1: ledComponent-arch_name File: C:/DesComp2/Aula7e8/ledComponent.vhd Line: 20
    Info (12023): Found entity 1: ledComponent File: C:/DesComp2/Aula7e8/ledComponent.vhd Line: 5
Info (12127): Elaborating entity "Aula7e8" for the top level hierarchy
Info (12129): Elaborating entity "edgeDetector" using architecture "A:bordasubida" for hierarchy "edgeDetector:detectorSub0" File: C:/DesComp2/Aula7e8/Aula7e8.vhd Line: 31
Info (12128): Elaborating entity "CPU" for hierarchy "CPU:CPU" File: C:/DesComp2/Aula7e8/Aula7e8.vhd Line: 34
Info (12128): Elaborating entity "muxGenerico2x1" for hierarchy "CPU:CPU|muxGenerico2x1:MUX_EntradaB_ULA" File: C:/DesComp2/Aula7e8/CPU.vhd Line: 39
Info (12128): Elaborating entity "decoderGeneric" for hierarchy "CPU:CPU|decoderGeneric:DEC_instrucao" File: C:/DesComp2/Aula7e8/CPU.vhd Line: 42
Info (12128): Elaborating entity "flipFlopGenerico" for hierarchy "CPU:CPU|flipFlopGenerico:REG_FLAG" File: C:/DesComp2/Aula7e8/CPU.vhd Line: 45
Info (12128): Elaborating entity "ULASomaSub" for hierarchy "CPU:CPU|ULASomaSub:ULA1" File: C:/DesComp2/Aula7e8/CPU.vhd Line: 48
Info (12128): Elaborating entity "registradorGenerico" for hierarchy "CPU:CPU|registradorGenerico:REGA" File: C:/DesComp2/Aula7e8/CPU.vhd Line: 51
Info (12128): Elaborating entity "muxGenericoNx1" for hierarchy "CPU:CPU|muxGenericoNx1:MUX_PC" File: C:/DesComp2/Aula7e8/CPU.vhd Line: 54
Info (10041): Inferred latch for "saida_MUX[0]" at muxGenericoNx1.vhd(16) File: C:/DesComp2/Aula7e8/muxGenericoNx1.vhd Line: 16
Info (10041): Inferred latch for "saida_MUX[1]" at muxGenericoNx1.vhd(16) File: C:/DesComp2/Aula7e8/muxGenericoNx1.vhd Line: 16
Info (10041): Inferred latch for "saida_MUX[2]" at muxGenericoNx1.vhd(16) File: C:/DesComp2/Aula7e8/muxGenericoNx1.vhd Line: 16
Info (10041): Inferred latch for "saida_MUX[3]" at muxGenericoNx1.vhd(16) File: C:/DesComp2/Aula7e8/muxGenericoNx1.vhd Line: 16
Info (10041): Inferred latch for "saida_MUX[4]" at muxGenericoNx1.vhd(16) File: C:/DesComp2/Aula7e8/muxGenericoNx1.vhd Line: 16
Info (10041): Inferred latch for "saida_MUX[5]" at muxGenericoNx1.vhd(16) File: C:/DesComp2/Aula7e8/muxGenericoNx1.vhd Line: 16
Info (10041): Inferred latch for "saida_MUX[6]" at muxGenericoNx1.vhd(16) File: C:/DesComp2/Aula7e8/muxGenericoNx1.vhd Line: 16
Info (10041): Inferred latch for "saida_MUX[7]" at muxGenericoNx1.vhd(16) File: C:/DesComp2/Aula7e8/muxGenericoNx1.vhd Line: 16
Info (10041): Inferred latch for "saida_MUX[8]" at muxGenericoNx1.vhd(16) File: C:/DesComp2/Aula7e8/muxGenericoNx1.vhd Line: 16
Info (12128): Elaborating entity "registradorGenerico" for hierarchy "CPU:CPU|registradorGenerico:REG_RETORNO" File: C:/DesComp2/Aula7e8/CPU.vhd Line: 62
Info (12128): Elaborating entity "somaConstante" for hierarchy "CPU:CPU|somaConstante:incrementaPC" File: C:/DesComp2/Aula7e8/CPU.vhd Line: 65
Info (12128): Elaborating entity "memoriaROM" for hierarchy "memoriaROM:ROM" File: C:/DesComp2/Aula7e8/Aula7e8.vhd Line: 47
Info (12128): Elaborating entity "memoriaRAM" for hierarchy "memoriaRAM:RAM" File: C:/DesComp2/Aula7e8/Aula7e8.vhd Line: 50
Info (12128): Elaborating entity "decoder3x8" for hierarchy "decoder3x8:DEC_Blocos" File: C:/DesComp2/Aula7e8/Aula7e8.vhd Line: 61
Info (12128): Elaborating entity "ledComponent" for hierarchy "ledComponent:logica_LED" File: C:/DesComp2/Aula7e8/Aula7e8.vhd Line: 73
Info (276014): Found 1 instances of uninferred RAM logic
    Info (276007): RAM logic "memoriaRAM:RAM|ram" is uninferred due to asynchronous read logic File: C:/DesComp2/Aula7e8/memoriaRAM.vhd Line: 27
Warning (13046): Tri-state node(s) do not directly drive top-level pin(s)
    Warning (13049): Converted tri-state buffer "memoriaRAM:RAM|dado_out[0]" feeding internal logic into a wire File: C:/DesComp2/Aula7e8/memoriaRAM.vhd Line: 17
    Warning (13049): Converted tri-state buffer "memoriaRAM:RAM|dado_out[1]" feeding internal logic into a wire File: C:/DesComp2/Aula7e8/memoriaRAM.vhd Line: 17
    Warning (13049): Converted tri-state buffer "memoriaRAM:RAM|dado_out[2]" feeding internal logic into a wire File: C:/DesComp2/Aula7e8/memoriaRAM.vhd Line: 17
    Warning (13049): Converted tri-state buffer "memoriaRAM:RAM|dado_out[3]" feeding internal logic into a wire File: C:/DesComp2/Aula7e8/memoriaRAM.vhd Line: 17
    Warning (13049): Converted tri-state buffer "memoriaRAM:RAM|dado_out[4]" feeding internal logic into a wire File: C:/DesComp2/Aula7e8/memoriaRAM.vhd Line: 17
    Warning (13049): Converted tri-state buffer "memoriaRAM:RAM|dado_out[5]" feeding internal logic into a wire File: C:/DesComp2/Aula7e8/memoriaRAM.vhd Line: 17
    Warning (13049): Converted tri-state buffer "memoriaRAM:RAM|dado_out[6]" feeding internal logic into a wire File: C:/DesComp2/Aula7e8/memoriaRAM.vhd Line: 17
    Warning (13049): Converted tri-state buffer "memoriaRAM:RAM|dado_out[7]" feeding internal logic into a wire File: C:/DesComp2/Aula7e8/memoriaRAM.vhd Line: 17
Warning (14026): LATCH primitive "CPU:CPU|muxGenericoNx1:MUX_PC|saida_MUX[0]" is permanently enabled File: C:/DesComp2/Aula7e8/muxGenericoNx1.vhd Line: 16
Warning (14026): LATCH primitive "CPU:CPU|muxGenericoNx1:MUX_PC|saida_MUX[1]" is permanently enabled File: C:/DesComp2/Aula7e8/muxGenericoNx1.vhd Line: 16
Warning (14026): LATCH primitive "CPU:CPU|muxGenericoNx1:MUX_PC|saida_MUX[2]" is permanently enabled File: C:/DesComp2/Aula7e8/muxGenericoNx1.vhd Line: 16
Warning (14026): LATCH primitive "CPU:CPU|muxGenericoNx1:MUX_PC|saida_MUX[3]" is permanently enabled File: C:/DesComp2/Aula7e8/muxGenericoNx1.vhd Line: 16
Warning (14026): LATCH primitive "CPU:CPU|muxGenericoNx1:MUX_PC|saida_MUX[4]" is permanently enabled File: C:/DesComp2/Aula7e8/muxGenericoNx1.vhd Line: 16
Warning (14026): LATCH primitive "CPU:CPU|muxGenericoNx1:MUX_PC|saida_MUX[5]" is permanently enabled File: C:/DesComp2/Aula7e8/muxGenericoNx1.vhd Line: 16
Warning (14026): LATCH primitive "CPU:CPU|muxGenericoNx1:MUX_PC|saida_MUX[6]" is permanently enabled File: C:/DesComp2/Aula7e8/muxGenericoNx1.vhd Line: 16
Warning (14026): LATCH primitive "CPU:CPU|muxGenericoNx1:MUX_PC|saida_MUX[7]" is permanently enabled File: C:/DesComp2/Aula7e8/muxGenericoNx1.vhd Line: 16
Warning (14026): LATCH primitive "CPU:CPU|muxGenericoNx1:MUX_PC|saida_MUX[8]" is permanently enabled File: C:/DesComp2/Aula7e8/muxGenericoNx1.vhd Line: 16
Warning (13024): Output pins are stuck at VCC or GND
    Warning (13410): Pin "LEDR[0]" is stuck at GND File: C:/DesComp2/Aula7e8/Aula7e8.vhd Line: 12
    Warning (13410): Pin "LEDR[1]" is stuck at GND File: C:/DesComp2/Aula7e8/Aula7e8.vhd Line: 12
    Warning (13410): Pin "LEDR[2]" is stuck at GND File: C:/DesComp2/Aula7e8/Aula7e8.vhd Line: 12
    Warning (13410): Pin "LEDR[3]" is stuck at GND File: C:/DesComp2/Aula7e8/Aula7e8.vhd Line: 12
    Warning (13410): Pin "LEDR[4]" is stuck at GND File: C:/DesComp2/Aula7e8/Aula7e8.vhd Line: 12
    Warning (13410): Pin "LEDR[5]" is stuck at GND File: C:/DesComp2/Aula7e8/Aula7e8.vhd Line: 12
    Warning (13410): Pin "LEDR[6]" is stuck at GND File: C:/DesComp2/Aula7e8/Aula7e8.vhd Line: 12
    Warning (13410): Pin "LEDR[7]" is stuck at GND File: C:/DesComp2/Aula7e8/Aula7e8.vhd Line: 12
    Warning (13410): Pin "LEDR[8]" is stuck at GND File: C:/DesComp2/Aula7e8/Aula7e8.vhd Line: 12
    Warning (13410): Pin "LEDR[9]" is stuck at GND File: C:/DesComp2/Aula7e8/Aula7e8.vhd Line: 12
Info (17049): 20 registers lost all their fanouts during netlist optimizations.
Info (16010): Generating hard_block partition "hard_block:auto_generated_inst"
    Info (16011): Adding 0 node(s), including 0 DDIO, 0 PLL, 0 transceiver and 0 LCELL
Warning (21074): Design contains 2 input pin(s) that do not drive logic
    Warning (15610): No output dependent on input pin "CLOCK_50" File: C:/DesComp2/Aula7e8/Aula7e8.vhd Line: 11
    Warning (15610): No output dependent on input pin "FPGA_RESET" File: C:/DesComp2/Aula7e8/Aula7e8.vhd Line: 11
Info (21057): Implemented 12 device resources after synthesis - the final resource count might be different
    Info (21058): Implemented 2 input pins
    Info (21059): Implemented 10 output pins
Info: Quartus Prime Analysis & Synthesis was successful. 0 errors, 33 warnings
    Info: Peak virtual memory: 4848 megabytes
    Info: Processing ended: Sun Oct 09 19:29:08 2022
    Info: Elapsed time: 00:00:07
    Info: Total CPU time (on all processors): 00:00:17


